timestamp="2026-09-04T15:54:33.602644+00:00" event="BOOT" pid=11094 mode="LOCAL"
timestamp="2026-09-04T15:54:33.603498+00:00" event="SELFTEST_COMPLETE" pid=11094 mode="LOCAL" passed="9" failed="0"
timestamp="2026-09-04T15:54:33.621609+00:00" event="SERVER_STARTED" pid=11094 mode="LOCAL" host="127.0.0.1" port="8080"
timestamp="2026-09-04T15:55:07.770846+00:00" event="HTTP_ACCESS" pid=11094 mode="LOCAL" method="GET" path="/" status_hint="404"
timestamp="2026-09-04T15:55:53.297117+00:00" event="HTTP_ACCESS" pid=11094 mode="LOCAL" method="GET" path="/" status_hint="404"
timestamp="2026-09-04T15:55:57.495737+00:00" event="HTTP_ACCESS" pid=11094 mode="LOCAL" method="GET" path="/" status_hint="404"
timestamp="2026-09-04T15:55:58.985776+00:00" event="HTTP_ACCESS" pid=11094 mode="LOCAL" method="GET" path="/" status_hint="404"
timestamp="2026-09-04T15:56:30.727695+00:00" event="HTTP_ACCESS" pid=11094 mode="LOCAL" method="GET" path="/" status_hint="404"
timestamp="2026-09-04T15:56:31.100149+00:00" event="HTTP_ACCESS" pid=11094 mode="LOCAL" method="GET" path="/favicon.ico" status_hint="404"
timestamp="2026-09-04T15:56:45.395891+00:00" event="HTTP_ACCESS" pid=11094 mode="LOCAL" method="GET" path="/" status_hint="404"
timestamp="2026-09-04T15:57:13.610575+00:00" event="HTTP_ACCESS" pid=11094 mode="LOCAL" method="GET" path="/z202" status_hint="404"
timestamp="2026-09-04T15:57:54.165326+00:00" event="HTTP_ACCESS" pid=11094 mode="LOCAL" method="GET" path="/status" status_hint="200"
timestamp="2026-09-04T15:59:02.472240+00:00" event="HTTP_ACCESS" pid=11094 mode="LOCAL" method="GET" path="/exec" status_hint="404"
timestamp="2026-09-04T16:00:13.953243+00:00" event="SERVER_STOP" pid=11094 mode="LOCAL"
timestamp="2026-09-04T16:09:24.154637+00:00" event="BOOT" pid=15464 mode="LOCAL"
timestamp="2026-09-04T16:09:24.155876+00:00" event="SELFTEST_COMPLETE" pid=15464 mode="LOCAL" passed="9" failed="0"
timestamp="2026-09-04T16:09:24.170996+00:00" event="SERVER_STARTED" pid=15464 mode="LOCAL" host="127.0.0.1" port="8080"
timestamp="2026-09-04T16:10:01.230871+00:00" event="HTTP_ACCESS" pid=15464 mode="LOCAL" method="GET" path="/" status_hint="404"
timestamp="2026-09-04T16:10:01.687385+00:00" event="HTTP_ACCESS" pid=15464 mode="LOCAL" method="GET" path="/favicon.ico" status_hint="404"
timestamp="2026-09-04T16:11:56.298474+00:00" event="POLICY_ALLOW_LOCAL" pid=15464 mode="LOCAL" path="/score"
timestamp="2026-09-04T16:11:56.308454+00:00" event="SCORE_ALLOWED" pid=15464 mode="LOCAL"
timestamp="2026-09-04T16:11:56.309305+00:00" event="HTTP_ACCESS" pid=15464 mode="LOCAL" method="POST" path="/score" status_hint="200"
timestamp="2026-09-04T16:12:40.792716+00:00" event="SERVER_STOP" pid=15464 mode="LOCAL"
